MO map_ram NULL ipcore_dir/map_ram.v vlg31/map__ram.bin 1638430105
MO ps2_rx NULL ps2_rx_code_filter_modified.v vlg56/ps2__rx.bin 1638430105
MO cpu NULL cpu.v vlg50/cpu.bin 1638430105
MO vga NULL vga_char_rom_map_modified.v vlg6A/vga.bin 1638430105
MO top NULL top.v vlg6F/top.bin 1638430105
MO reg_file NULL reg_file.v vlg69/reg__file.bin 1638430105
MO char_rom NULL ipcore_dir/char_rom.v vlg13/char__rom.bin 1638430105
MO prog_mem NULL prog_mem.v vlg12/prog__mem.bin 1638430105
MO alu NULL alu.v vlg0A/alu.bin 1638430105
