Release 14.7 - xst P.20131013 (nt64)
Copyright (c) 1995-2013 Xilinx, Inc.  All rights reserved.
--> Parameter TMPDIR set to xst/projnav.tmp


Total REAL time to Xst completion: 1.00 secs
Total CPU time to Xst completion: 0.98 secs
 
--> Parameter xsthdpdir set to xst


Total REAL time to Xst completion: 1.00 secs
Total CPU time to Xst completion: 0.98 secs
 
--> Reading design: ps2_rx.prj

TABLE OF CONTENTS
  1) Synthesis Options Summary
  2) HDL Compilation
  3) Design Hierarchy Analysis
  4) HDL Analysis
  5) HDL Synthesis
     5.1) HDL Synthesis Report
  6) Advanced HDL Synthesis
     6.1) Advanced HDL Synthesis Report
  7) Low Level Synthesis
  8) Partition Report
  9) Final Report
	9.1) Device utilization summary
	9.2) Partition Resource Summary
	9.3) TIMING REPORT


=========================================================================
*                      Synthesis Options Summary                        *
=========================================================================
---- Source Parameters
Input File Name                    : "ps2_rx.prj"
Input Format                       : mixed
Ignore Synthesis Constraint File   : NO

---- Target Parameters
Output File Name                   : "ps2_rx"
Output Format                      : NGC
Target Device                      : xc3s700an-4-fgg484

---- Source Options
Top Module Name                    : ps2_rx
Automatic FSM Extraction           : YES
FSM Encoding Algorithm             : Auto
Safe Implementation                : No
FSM Style                          : LUT
RAM Extraction                     : Yes
RAM Style                          : Auto
ROM Extraction                     : Yes
Mux Style                          : Auto
Decoder Extraction                 : YES
Priority Encoder Extraction        : Yes
Shift Register Extraction          : YES
Logical Shifter Extraction         : YES
XOR Collapsing                     : YES
ROM Style                          : Auto
Mux Extraction                     : Yes
Resource Sharing                   : YES
Asynchronous To Synchronous        : NO
Multiplier Style                   : Auto
Automatic Register Balancing       : No

---- Target Options
Add IO Buffers                     : YES
Global Maximum Fanout              : 100000
Add Generic Clock Buffer(BUFG)     : 24
Register Duplication               : YES
Slice Packing                      : YES
Optimize Instantiated Primitives   : NO
Use Clock Enable                   : Yes
Use Synchronous Set                : Yes
Use Synchronous Reset              : Yes
Pack IO Registers into IOBs        : Auto
Equivalent register Removal        : YES

---- General Options
Optimization Goal                  : Speed
Optimization Effort                : 1
Keep Hierarchy                     : No
Netlist Hierarchy                  : As_Optimized
RTL Output                         : Yes
Global Optimization                : AllClockNets
Read Cores                         : YES
Write Timing Constraints           : NO
Cross Clock Analysis               : NO
Hierarchy Separator                : /
Bus Delimiter                      : <>
Case Specifier                     : Maintain
Slice Utilization Ratio            : 100
BRAM Utilization Ratio             : 100
Verilog 2001                       : YES
Auto BRAM Packing                  : NO
Slice Utilization Ratio Delta      : 5

=========================================================================


=========================================================================
*                          HDL Compilation                              *
=========================================================================
Compiling verilog file "ps2_rx_code_filter.v" in library work
Module <ps2_rx> compiled
No errors in compilation
Analysis of file <"ps2_rx.prj"> succeeded.
 

=========================================================================
*                     Design Hierarchy Analysis                         *
=========================================================================
Analyzing hierarchy for module <ps2_rx> in library <work> with parameters.
	BRK = "11110000"
	dps = "01"
	get_code = "1"
	idle = "00"
	load = "10"
	wait_brk = "0"


=========================================================================
*                            HDL Analysis                               *
=========================================================================
Analyzing top module <ps2_rx>.
	BRK = 8'b11110000
	dps = 2'b01
	get_code = 1'b1
	idle = 2'b00
	load = 2'b10
	wait_brk = 1'b0
Module <ps2_rx> is correct for synthesis.
 

=========================================================================
*                           HDL Synthesis                               *
=========================================================================

Performing bidirectional port resolution...

Synthesizing Unit <ps2_rx>.
    Related source file is "ps2_rx_code_filter.v".
    Found finite state machine <FSM_0> for signal <state_reg>.
    -----------------------------------------------------------------------
    | States             | 3                                              |
    | Transitions        | 6                                              |
    | Inputs             | 2                                              |
    | Outputs            | 3                                              |
    | Clock              | clk                       (rising_edge)        |
    | Reset              | reset                     (positive)           |
    | Reset type         | synchronous                                    |
    | Reset State        | 00                                             |
    | Encoding           | automatic                                      |
    | Implementation     | LUT                                            |
    -----------------------------------------------------------------------
    Found 8-bit register for signal <leds>.
    Found 11-bit register for signal <b_reg>.
    Found 1-bit register for signal <f_ps2c_reg>.
    Found 8-bit register for signal <filter_reg>.
    Found 4-bit subtractor for signal <n_next$addsub0000> created at line 89.
    Found 4-bit register for signal <n_reg>.
    Found 1-bit register for signal <state_reg_2>.
    Summary:
	inferred   1 Finite State Machine(s).
	inferred  33 D-type flip-flop(s).
	inferred   1 Adder/Subtractor(s).
Unit <ps2_rx> synthesized.


=========================================================================
HDL Synthesis Report

Macro Statistics
# Adders/Subtractors                                   : 1
 4-bit subtractor                                      : 1
# Registers                                            : 6
 1-bit register                                        : 2
 11-bit register                                       : 1
 4-bit register                                        : 1
 8-bit register                                        : 2

=========================================================================

=========================================================================
*                       Advanced HDL Synthesis                          *
=========================================================================

Analyzing FSM <FSM_0> for best encoding.
Optimizing FSM <state_reg/FSM> on signal <state_reg[1:2]> with gray encoding.
-------------------
 State | Encoding
-------------------
 00    | 00
 01    | 01
 10    | 11
-------------------
WARNING:Xst:2677 - Node <b_reg_0> of sequential type is unconnected in block <ps2_rx>.
WARNING:Xst:2677 - Node <b_reg_0> of sequential type is unconnected in block <ps2_rx>.

=========================================================================
Advanced HDL Synthesis Report

Macro Statistics
# FSMs                                                 : 1
# Adders/Subtractors                                   : 1
 4-bit subtractor                                      : 1
# Registers                                            : 32
 Flip-Flops                                            : 32

=========================================================================

=========================================================================
*                         Low Level Synthesis                           *
=========================================================================

Optimizing unit <ps2_rx> ...

Mapping all equations...
Building and optimizing final netlist ...
Found area constraint ratio of 100 (+ 5) on block ps2_rx, actual ratio is 0.
FlipFlop state_reg_FSM_FFd1 has been replicated 1 time(s)

Final Macro Processing ...

=========================================================================
Final Register Report

Macro Statistics
# Registers                                            : 35
 Flip-Flops                                            : 35

=========================================================================

=========================================================================
*                           Partition Report                            *
=========================================================================

Partition Implementation Status
-------------------------------

  No Partitions were found in this design.

-------------------------------

=========================================================================
*                            Final Report                               *
=========================================================================
Final Results
RTL Top Level Output File Name     : ps2_rx.ngr
Top Level Output File Name         : ps2_rx
Output Format                      : NGC
Optimization Goal                  : Speed
Keep Hierarchy                     : No

Design Statistics
# IOs                              : 12

Cell Usage :
# BELS                             : 56
#      INV                         : 1
#      LUT2                        : 3
#      LUT2_L                      : 1
#      LUT3_L                      : 1
#      LUT4                        : 29
#      LUT4_D                      : 6
#      LUT4_L                      : 14
#      MUXF5                       : 1
# FlipFlops/Latches                : 35
#      FDR                         : 25
#      FDRE                        : 8
#      FDRS                        : 2
# Clock Buffers                    : 1
#      BUFGP                       : 1
# IO Buffers                       : 11
#      IBUF                        : 3
#      OBUF                        : 8
=========================================================================

Device utilization summary:
---------------------------

Selected Device : 3s700anfgg484-4 

 Number of Slices:                       34  out of   5888     0%  
 Number of Slice Flip Flops:             35  out of  11776     0%  
 Number of 4 input LUTs:                 55  out of  11776     0%  
 Number of IOs:                          12
 Number of bonded IOBs:                  12  out of    372     3%  
 Number of GCLKs:                         1  out of     24     4%  

---------------------------
Partition Resource Summary:
---------------------------

  No Partitions were found in this design.

---------------------------


=========================================================================
TIMING REPORT

NOTE: THESE TIMING NUMBERS ARE ONLY A SYNTHESIS ESTIMATE.
      FOR ACCURATE TIMING INFORMATION PLEASE REFER TO THE TRACE REPORT
      GENERATED AFTER PLACE-and-ROUTE.

Clock Information:
------------------
-----------------------------------+------------------------+-------+
Clock Signal                       | Clock buffer(FF name)  | Load  |
-----------------------------------+------------------------+-------+
clk                                | BUFGP                  | 35    |
-----------------------------------+------------------------+-------+

Asynchronous Control Signals Information:
----------------------------------------
No asynchronous control signals found in this design

Timing Summary:
---------------
Speed Grade: -4

   Minimum period: 5.782ns (Maximum Frequency: 172.951MHz)
   Minimum input arrival time before clock: 3.387ns
   Maximum output required time after clock: 5.531ns
   Maximum combinational path delay: No path found

Timing Detail:
--------------
All values displayed in nanoseconds (ns)

=========================================================================
Timing constraint: Default period analysis for Clock 'clk'
  Clock period: 5.782ns (frequency: 172.951MHz)
  Total number of paths / destination ports: 518 / 44
-------------------------------------------------------------------------
Delay:               5.782ns (Levels of Logic = 4)
  Source:            filter_reg_1 (FF)
  Destination:       n_reg_2 (FF)
  Source Clock:      clk rising
  Destination Clock: clk rising

  Data Path: filter_reg_1 to n_reg_2
                                Gate     Net
    Cell:in->out      fanout   Delay   Delay  Logical Name (Net Name)
    ----------------------------------------  ------------
     FDR:C->Q              3   0.591   0.611  filter_reg_1 (filter_reg_1)
     LUT4_D:I1->O          9   0.643   0.900  f_ps2c_next4 (f_ps2c_next4)
     LUT4:I1->O            1   0.643   0.423  n_next<2>11_SW0 (N111)
     LUT4_D:I3->O          1   0.648   0.423  n_next<2>11 (N3)
     LUT4:I3->O            1   0.648   0.000  n_next<2>32 (n_next<2>)
     FDR:D                     0.252          n_reg_2
    ----------------------------------------
    Total                      5.782ns (3.425ns logic, 2.357ns route)
                                       (59.2% logic, 40.8% route)

=========================================================================
Timing constraint: Default OFFSET IN BEFORE for Clock 'clk'
  Total number of paths / destination ports: 37 / 37
-------------------------------------------------------------------------
Offset:              3.387ns (Levels of Logic = 3)
  Source:            ps2d (PAD)
  Destination:       b_reg_10 (FF)
  Destination Clock: clk rising

  Data Path: ps2d to b_reg_10
                                Gate     Net
    Cell:in->out      fanout   Delay   Delay  Logical Name (Net Name)
    ----------------------------------------  ------------
     IBUF:I->O             1   0.849   0.500  ps2d_IBUF (ps2d_IBUF)
     LUT4:I1->O            1   0.643   0.500  b_next<10>1_SW0 (N13)
     LUT4:I1->O            1   0.643   0.000  b_next<10>1 (b_next<10>)
     FDR:D                     0.252          b_reg_10
    ----------------------------------------
    Total                      3.387ns (2.387ns logic, 1.000ns route)
                                       (70.5% logic, 29.5% route)

=========================================================================
Timing constraint: Default OFFSET OUT AFTER for Clock 'clk'
  Total number of paths / destination ports: 8 / 8
-------------------------------------------------------------------------
Offset:              5.531ns (Levels of Logic = 1)
  Source:            leds_7 (FF)
  Destination:       leds<7> (PAD)
  Source Clock:      clk rising

  Data Path: leds_7 to leds<7>
                                Gate     Net
    Cell:in->out      fanout   Delay   Delay  Logical Name (Net Name)
    ----------------------------------------  ------------
     FDRE:C->Q             1   0.591   0.420  leds_7 (leds_7)
     OBUF:I->O                 4.520          leds_7_OBUF (leds<7>)
    ----------------------------------------
    Total                      5.531ns (5.111ns logic, 0.420ns route)
                                       (92.4% logic, 7.6% route)

=========================================================================


Total REAL time to Xst completion: 11.00 secs
Total CPU time to Xst completion: 11.53 secs
 
--> 

Total memory usage is 4513272 kilobytes

Number of errors   :    0 (   0 filtered)
Number of warnings :    2 (   0 filtered)
Number of infos    :    0 (   0 filtered)

