Release 14.7 - xst P.20131013 (nt64)
Copyright (c) 1995-2013 Xilinx, Inc.  All rights reserved.
--> Parameter TMPDIR set to xst/projnav.tmp


Total REAL time to Xst completion: 1.00 secs
Total CPU time to Xst completion: 0.24 secs
 
--> Parameter xsthdpdir set to xst


Total REAL time to Xst completion: 1.00 secs
Total CPU time to Xst completion: 0.25 secs
 
--> Reading design: vga.prj

TABLE OF CONTENTS
  1) Synthesis Options Summary
  2) HDL Compilation
  3) Design Hierarchy Analysis
  4) HDL Analysis
  5) HDL Synthesis
     5.1) HDL Synthesis Report
  6) Advanced HDL Synthesis
     6.1) Advanced HDL Synthesis Report
  7) Low Level Synthesis
  8) Partition Report
  9) Final Report
	9.1) Device utilization summary
	9.2) Partition Resource Summary
	9.3) TIMING REPORT


=========================================================================
*                      Synthesis Options Summary                        *
=========================================================================
---- Source Parameters
Input File Name                    : "vga.prj"
Input Format                       : mixed
Ignore Synthesis Constraint File   : NO

---- Target Parameters
Output File Name                   : "vga"
Output Format                      : NGC
Target Device                      : xc3s700an-4-fgg484

---- Source Options
Top Module Name                    : vga
Automatic FSM Extraction           : YES
FSM Encoding Algorithm             : Auto
Safe Implementation                : No
FSM Style                          : LUT
RAM Extraction                     : Yes
RAM Style                          : Auto
ROM Extraction                     : Yes
Mux Style                          : Auto
Decoder Extraction                 : YES
Priority Encoder Extraction        : Yes
Shift Register Extraction          : YES
Logical Shifter Extraction         : YES
XOR Collapsing                     : YES
ROM Style                          : Auto
Mux Extraction                     : Yes
Resource Sharing                   : YES
Asynchronous To Synchronous        : NO
Multiplier Style                   : Auto
Automatic Register Balancing       : No

---- Target Options
Add IO Buffers                     : YES
Global Maximum Fanout              : 100000
Add Generic Clock Buffer(BUFG)     : 24
Register Duplication               : YES
Slice Packing                      : YES
Optimize Instantiated Primitives   : NO
Use Clock Enable                   : Yes
Use Synchronous Set                : Yes
Use Synchronous Reset              : Yes
Pack IO Registers into IOBs        : Auto
Equivalent register Removal        : YES

---- General Options
Optimization Goal                  : Speed
Optimization Effort                : 1
Keep Hierarchy                     : No
Netlist Hierarchy                  : As_Optimized
RTL Output                         : Yes
Global Optimization                : AllClockNets
Read Cores                         : YES
Write Timing Constraints           : NO
Cross Clock Analysis               : NO
Hierarchy Separator                : /
Bus Delimiter                      : <>
Case Specifier                     : Maintain
Slice Utilization Ratio            : 100
BRAM Utilization Ratio             : 100
Verilog 2001                       : YES
Auto BRAM Packing                  : NO
Slice Utilization Ratio Delta      : 5

---- Other Options
Cores Search Directories           : {"ipcore_dir"  }

=========================================================================


=========================================================================
*                          HDL Compilation                              *
=========================================================================
Compiling verilog file "ipcore_dir/myrom.v" in library work
Compiling verilog file "vga_char_rom.v" in library work
Module <myrom> compiled
Module <vga> compiled
No errors in compilation
Analysis of file <"vga.prj"> succeeded.
 

=========================================================================
*                     Design Hierarchy Analysis                         *
=========================================================================
Analyzing hierarchy for module <vga> in library <work> with parameters.
	H_ACTIVE_PIXEL_LIMIT = "00000000000000000000001001111111"
	H_BPORCH_PIXEL_LIMIT = "00000000000000000000001100011111"
	H_FPORCH_PIXEL_LIMIT = "00000000000000000000001010010000"
	H_SYNC_PIXEL_LIMIT = "00000000000000000000001011110000"
	V_ACTIVE_LINE_LIMIT = "00000000000000000000000111011111"
	V_BPORCH_LINE_LIMIT = "00000000000000000000001000000111"
	V_FPORCH_LINE_LIMIT = "00000000000000000000000111101010"
	V_SYNC_LINE_LIMIT = "00000000000000000000000111101100"


=========================================================================
*                            HDL Analysis                               *
=========================================================================
Analyzing top module <vga>.
	H_ACTIVE_PIXEL_LIMIT = 32'sb00000000000000000000001001111111
	H_BPORCH_PIXEL_LIMIT = 32'sb00000000000000000000001100011111
	H_FPORCH_PIXEL_LIMIT = 32'sb00000000000000000000001010010000
	H_SYNC_PIXEL_LIMIT = 32'sb00000000000000000000001011110000
	V_ACTIVE_LINE_LIMIT = 32'sb00000000000000000000000111011111
	V_BPORCH_LINE_LIMIT = 32'sb00000000000000000000001000000111
	V_FPORCH_LINE_LIMIT = 32'sb00000000000000000000000111101010
	V_SYNC_LINE_LIMIT = 32'sb00000000000000000000000111101100
WARNING:Xst:2211 - "ipcore_dir/myrom.v" line 49: Instantiating black box module <myrom>.
Module <vga> is correct for synthesis.
 

=========================================================================
*                           HDL Synthesis                               *
=========================================================================

Performing bidirectional port resolution...

Synthesizing Unit <vga>.
    Related source file is "vga_char_rom.v".
    Register <vga_g_out> equivalent to <vga_b_out> has been removed
    Register <vga_r_out> equivalent to <vga_b_out> has been removed
    Found T flip-flop for signal <clk_25m>.
    Found 10-bit up counter for signal <hcount>.
    Found 11-bit comparator less for signal <hcount$cmp_lt0000> created at line 57.
    Found 10-bit register for signal <hcount_delayed>.
    Found 10-bit up counter for signal <vcount>.
    Found 11-bit comparator less for signal <vcount$cmp_lt0000> created at line 62.
    Found 10-bit register for signal <vcount_delayed>.
    Found 4-bit register for signal <vga_b_out>.
    Found 11-bit comparator lessequal for signal <vga_b_out$cmp_le0000> created at line 69.
    Found 10-bit comparator lessequal for signal <vga_b_out$cmp_le0001> created at line 69.
    Found 1-bit register for signal <vga_hsync_out>.
    Found 1-bit register for signal <vga_vsync_out>.
    Summary:
	inferred   2 Counter(s).
	inferred   1 T-type flip-flop(s).
	inferred  26 D-type flip-flop(s).
	inferred   4 Comparator(s).
	inferred   1 Multiplexer(s).
Unit <vga> synthesized.


=========================================================================
HDL Synthesis Report

Macro Statistics
# Counters                                             : 2
 10-bit up counter                                     : 2
# Registers                                            : 5
 1-bit register                                        : 2
 10-bit register                                       : 2
 4-bit register                                        : 1
# Toggle Registers                                     : 1
 T flip-flop                                           : 1
# Comparators                                          : 4
 10-bit comparator lessequal                           : 1
 11-bit comparator less                                : 2
 11-bit comparator lessequal                           : 1
# Multiplexers                                         : 1
 1-bit 8-to-1 multiplexer                              : 1

=========================================================================

=========================================================================
*                       Advanced HDL Synthesis                          *
=========================================================================

Reading core <ipcore_dir/myrom.ngc>.
Loading core <myrom> for timing and area information for instance <char_rom>.

=========================================================================
Advanced HDL Synthesis Report

Macro Statistics
# Counters                                             : 2
 10-bit up counter                                     : 2
# Registers                                            : 27
 Flip-Flops                                            : 27
# Comparators                                          : 4
 10-bit comparator lessequal                           : 1
 11-bit comparator less                                : 2
 11-bit comparator lessequal                           : 1
# Multiplexers                                         : 1
 1-bit 8-to-1 multiplexer                              : 1

=========================================================================

=========================================================================
*                         Low Level Synthesis                           *
=========================================================================
INFO:Xst:2261 - The FF/Latch <vga_b_out_0> in Unit <vga> is equivalent to the following 3 FFs/Latches, which will be removed : <vga_b_out_1> <vga_b_out_2> <vga_b_out_3> 

Optimizing unit <vga> ...

Mapping all equations...
Building and optimizing final netlist ...
Found area constraint ratio of 100 (+ 5) on block vga, actual ratio is 0.

Final Macro Processing ...

=========================================================================
Final Register Report

Macro Statistics
# Registers                                            : 44
 Flip-Flops                                            : 44

=========================================================================

=========================================================================
*                           Partition Report                            *
=========================================================================

Partition Implementation Status
-------------------------------

  No Partitions were found in this design.

-------------------------------

=========================================================================
*                            Final Report                               *
=========================================================================
Final Results
RTL Top Level Output File Name     : vga.ngr
Top Level Output File Name         : vga
Output Format                      : NGC
Optimization Goal                  : Speed
Keep Hierarchy                     : No

Design Statistics
# IOs                              : 15

Cell Usage :
# BELS                             : 89
#      GND                         : 2
#      INV                         : 2
#      LUT1                        : 18
#      LUT2                        : 1
#      LUT2_L                      : 1
#      LUT3                        : 6
#      LUT3_D                      : 1
#      LUT4                        : 11
#      LUT4_L                      : 2
#      MUXCY                       : 18
#      MUXF5                       : 4
#      MUXF6                       : 1
#      VCC                         : 2
#      XORCY                       : 20
# FlipFlops/Latches                : 44
#      FD                          : 22
#      FDR                         : 12
#      FDRE                        : 10
# RAMS                             : 1
#      RAMB16BWE                   : 1
# Clock Buffers                    : 2
#      BUFG                        : 1
#      BUFGP                       : 1
# IO Buffers                       : 14
#      OBUF                        : 14
=========================================================================

Device utilization summary:
---------------------------

Selected Device : 3s700anfgg484-4 

 Number of Slices:                       30  out of   5888     0%  
 Number of Slice Flip Flops:             44  out of  11776     0%  
 Number of 4 input LUTs:                 42  out of  11776     0%  
 Number of IOs:                          15
 Number of bonded IOBs:                  15  out of    372     4%  
 Number of BRAMs:                         1  out of     20     5%  
 Number of GCLKs:                         2  out of     24     8%  

---------------------------
Partition Resource Summary:
---------------------------

  No Partitions were found in this design.

---------------------------


=========================================================================
TIMING REPORT

NOTE: THESE TIMING NUMBERS ARE ONLY A SYNTHESIS ESTIMATE.
      FOR ACCURATE TIMING INFORMATION PLEASE REFER TO THE TRACE REPORT
      GENERATED AFTER PLACE-and-ROUTE.

Clock Information:
------------------
-----------------------------------+------------------------+-------+
Clock Signal                       | Clock buffer(FF name)  | Load  |
-----------------------------------+------------------------+-------+
clk_25m_01                         | BUFG                   | 44    |
CLK_50M                            | BUFGP                  | 1     |
-----------------------------------+------------------------+-------+

Asynchronous Control Signals Information:
----------------------------------------
No asynchronous control signals found in this design

Timing Summary:
---------------
Speed Grade: -4

   Minimum period: 5.614ns (Maximum Frequency: 178.126MHz)
   Minimum input arrival time before clock: No path found
   Maximum output required time after clock: 6.072ns
   Maximum combinational path delay: No path found

Timing Detail:
--------------
All values displayed in nanoseconds (ns)

=========================================================================
Timing constraint: Default period analysis for Clock 'clk_25m_01'
  Clock period: 5.614ns (frequency: 178.126MHz)
  Total number of paths / destination ports: 583 / 80
-------------------------------------------------------------------------
Delay:               5.614ns (Levels of Logic = 3)
  Source:            hcount_9 (FF)
  Destination:       vcount_0 (FF)
  Source Clock:      clk_25m_01 rising
  Destination Clock: clk_25m_01 rising

  Data Path: hcount_9 to vcount_0
                                Gate     Net
    Cell:in->out      fanout   Delay   Delay  Logical Name (Net Name)
    ----------------------------------------  ------------
     FDR:C->Q              3   0.591   0.674  hcount_9 (hcount_9)
     LUT2:I0->O            2   0.648   0.527  hcount_cmp_lt000023 (hcount_cmp_lt000023)
     LUT4_L:I1->LO         1   0.643   0.132  hcount_cmp_lt0000247 (hcount_cmp_lt0000)
     LUT4:I2->O           10   0.648   0.882  vcount_and000034 (vcount_and0000)
     FDRE:R                    0.869          vcount_0
    ----------------------------------------
    Total                      5.614ns (3.399ns logic, 2.215ns route)
                                       (60.5% logic, 39.5% route)

=========================================================================
Timing constraint: Default period analysis for Clock 'CLK_50M'
  Clock period: 1.907ns (frequency: 524.384MHz)
  Total number of paths / destination ports: 1 / 1
-------------------------------------------------------------------------
Delay:               1.907ns (Levels of Logic = 0)
  Source:            clk_25m_0 (FF)
  Destination:       clk_25m_0 (FF)
  Source Clock:      CLK_50M rising
  Destination Clock: CLK_50M rising

  Data Path: clk_25m_0 to clk_25m_0
                                Gate     Net
    Cell:in->out      fanout   Delay   Delay  Logical Name (Net Name)
    ----------------------------------------  ------------
     FDR:C->Q              2   0.591   0.447  clk_25m_0 (clk_25m_01)
     FDR:R                     0.869          clk_25m_0
    ----------------------------------------
    Total                      1.907ns (1.460ns logic, 0.447ns route)
                                       (76.6% logic, 23.4% route)

=========================================================================
Timing constraint: Default OFFSET OUT AFTER for Clock 'clk_25m_01'
  Total number of paths / destination ports: 14 / 14
-------------------------------------------------------------------------
Offset:              6.072ns (Levels of Logic = 1)
  Source:            vga_b_out_0 (FF)
  Destination:       VGA_B<3> (PAD)
  Source Clock:      clk_25m_01 rising

  Data Path: vga_b_out_0 to VGA_B<3>
                                Gate     Net
    Cell:in->out      fanout   Delay   Delay  Logical Name (Net Name)
    ----------------------------------------  ------------
     FDR:C->Q             12   0.591   0.961  vga_b_out_0 (vga_b_out_0)
     OBUF:I->O                 4.520          VGA_B_3_OBUF (VGA_B<3>)
    ----------------------------------------
    Total                      6.072ns (5.111ns logic, 0.961ns route)
                                       (84.2% logic, 15.8% route)

=========================================================================


Total REAL time to Xst completion: 10.00 secs
Total CPU time to Xst completion: 9.88 secs
 
--> 

Total memory usage is 4513272 kilobytes

Number of errors   :    0 (   0 filtered)
Number of warnings :    1 (   0 filtered)
Number of infos    :    1 (   0 filtered)

